{
  "adult": false,
  "backdrop_path": "/qAhedRxRYWZAgZ8O8pHIl6QHdD7.jpg",
  "belongs_to_collection": {
    "backdrop_path": "/6AsfeCJZPPoLUjn8bpYoLyY30Qw.jpg",
    "id": 688042,
    "name": "Hobbs & Shaw Collection",
    "poster_path": "/5vkV7506lpOaKnnbVbFsH8WvEWJ.jpg"
  },
  "budget": 200000000,
  "from_configure-0": {
    "adult": false,
    "backdrop_path": "/rr7E0NoGKxvbkb89eR1GwfoYjpA.jpg",
    "belongs_to_collection": null,
    "budget": 63000000,
    "genres": [
      {
        "id": 18,
        "name": "Drama"
      }
    ],
    "homepage": "http://www.foxmovies.com/movies/fight-club",
    "id": 550,
    "imdb_id": "tt0137523",
    "original_language": "en",
    "original_title": "Fight Club",
    "overview": "A ticking-time-bomb insomniac and a slippery soap salesman channel primal male aggression into a shocking new form of therapy. Their concept catches on, with underground \"fight clubs\" forming in every town, until an eccentric gets in the way and ignites an out-of-control spiral toward oblivion.",
    "poster_path": "/pB8BM7pdSp6B6Ih7QZ4DrQ3PmJK.jpg",
    "production_companies": [
      {
        "id": 508,
        "logo_path": "/7PzJdsLGlR7oW4J0J5Xcd0pHGRg.png",
        "name": "Regency Enterprises",
        "origin_country": "US"
      },
      {
        "id": 711,
        "logo_path": "/tEiIH5QesdheJmDAqQwvtN60727.png",
        "name": "Fox 2000 Pictures",
        "origin_country": "US"
      },
      {
        "id": 20555,
        "logo_path": "/hD8yEGUBlHOcfHYbujp71vD8gZp.png",
        "name": "Taurus Film",
        "origin_country": "DE"
      },
      {
        "id": 54051,
        "logo_path": null,
        "name": "Atman Entertainment",
        "origin_country": ""
      },
      {
        "id": 54052,
        "logo_path": null,
        "name": "Knickerbocker Films",
        "origin_country": "US"
      },
      {
        "id": 25,
        "logo_path": "/qZCc1lty5FzX30aOCVRBLzaVmcp.png",
        "name": "20th Century Fox",
        "origin_country": "US"
      },
      {
        "id": 4700,
        "logo_path": "/A32wmjrs9Psf4zw0uaixF0GXfxq.png",
        "name": "The Linson Company",
        "origin_country": "US"
      }
    ],
    "production_countries": [
      {
        "iso_3166_1": "DE",
        "name": "Germany"
      },
      {
        "iso_3166_1": "US",
        "name": "United States of America"
      }
    ],
    "release_date": "1999-10-15",
    "revenue": 100853753,
    "runtime": 139,
    "spoken_languages": [
      {
        "english_name": "English",
        "iso_639_1": "en",
        "name": "English"
      }
    ],
    "status": "Released",
    "tagline": "Mischief. Mayhem. Soap.",
    "title": "Fight Club",
    "video": false
  },
  "genres": [
    {
      "id": 28,
      "name": "Action"
    },
    {
      "id": 12,
      "name": "Adventure"
    },
    {
      "id": 35,
      "name": "Comedy"
    }
  ],
  "homepage": "https://www.hobbsandshawmovie.com",
  "id": 384018,
  "imdb_id": "tt6806448",
  "original_language": "en",
  "original_title": "Fast & Furious Presents: Hobbs & Shaw",
  "overview": "Ever since US Diplomatic Security Service Agent Hobbs and lawless outcast Shaw first faced off, they just have traded smack talk and body blows. But when cyber-genetically enhanced anarchist Brixton's ruthless actions threaten the future of humanity, they join forces to defeat him.",
  "poster_path": "/qRyy2UmjC5ur9bDi3kpNNRCc5nc.jpg",
  "production_companies": [
    {
      "id": 25998,
      "logo_path": null,
      "name": "Chris Morgan Productions",
      "origin_country": "US"
    },
    {
      "id": 73669,
      "logo_path": "/7tmSGstK3KwgcDIuBYLTAayjit9.png",
      "name": "Seven Bucks Productions",
      "origin_country": "US"
    },
    {
      "id": 33,
      "logo_path": "/8lvHyhjr8oUKOOy2dKXoALWKdp0.png",
      "name": "Universal Pictures",
      "origin_country": "US"
    }
  ],
  "production_countries": [
    {
      "iso_3166_1": "US",
      "name": "United States of America"
    }
  ],
  "release_date": "2019-08-01",
  "revenue": 760098996,
  "runtime": 137,
  "spoken_languages": [
    {
      "english_name": "English",
      "iso_639_1": "en",
      "name": "English"
    },
    {
      "english_name": "Russian",
      "iso_639_1": "ru",
      "name": "Pусский"
    },
    {
      "english_name": "Samoan",
      "iso_639_1": "sm",
      "name": ""
    }
  ],
  "status": "Released",
  "tagline": "",
  "title": "Fast & Furious Presents: Hobbs & Shaw",
  "video": false
}