{
  "query": {
    "api_key": "1234"
  },
  "tesresponsebody": {
    "user": {
      "first_name": "kakashi",
      "last_name": "hatake"
    }
  }
}