{
  "message": "No parallel logic to determine response to be returned"
}