{
  "error_message": "all logic fail or Request Logic error or there is something error"
}