{
 "query_movie_id":"550",
 "message" : "movie_id is not 123123123"
}