{
  "loop_response_0": {
    "name": "nicholas",
    "x-api-key": "123123123"
  },
  "loop_response_1": {
    "name": "nicholas",
    "x-api-key": "123123123"
  },
  "loop_response_2": {
    "name": "nicholas",
    "x-api-key": "123123123"
  }
}