{
  "parallel_first_configure_response": {
    "avatar": "https://cdn.fakercloud.com/avatars/bcrad_128.jpg",
    "content": "selamat anda menang",
    "name": "William",
    "numbers": [
      "123-456",
      "234-567",
      "345-678"
    ],
    "phone_numbers": [
      "123456789",
      "2456789",
      "3456789"
    ],
    "user": {
      "favorite_foods": [
        "noodle",
        "chicken",
        "soup"
      ]
    }
  },
  "parallel_zero_configure_response": {
    "avatar": "https://cdn.fakercloud.com/avatars/bcrad_128.jpg",
    "content": "selamat anda menang",
    "name": "William",
    "numbers": [
      "123-456",
      "234-567",
      "345-678"
    ],
    "phone_numbers": [
      "123456789",
      "2456789",
      "3456789"
    ],
    "test": "test key From add response configure-2.json",
    "user": {
      "favorite_foods": [
        "noodle",
        "chicken",
        "soup"
      ]
    }
  },
  "serial_response": {
    "avatar": "https://cdn.fakercloud.com/avatars/bcrad_128.jpg",
    "content": "selamat anda menang",
    "name": "William",
    "numbers": "",
    "phone_numbers": [
      "123456789",
      "2456789",
      "3456789"
    ],
    "status_code": 201,
    "test": "test key From add response configure-2.json"
  },
  "test": "test key From add response configure-2.json"
}