{
  "parallel_configure_0_response": {
    "avatar": "https://cdn.fakercloud.com/avatars/bcrad_128.jpg",
    "content": "selamat anda menang",
    "first_configure_body": {
      "avatar": "https://cdn.fakercloud.com/avatars/bcrad_128.jpg",
      "content": "selamat anda menang",
      "name": "William",
      "number": [
        "123456789",
        "2456789",
        "3456789"
      ],
      "user": {
        "favorite_cars": [
          "mazda",
          "fiat",
          "toyota",
          "ferrari"
        ]
      }
    },
    "hello": "hai",
    "name": "William"
  },
  "parallel_configure_1_response": {
    "avatar": "https://cdn.fakercloud.com/avatars/bcrad_128.jpg",
    "content": "selamat anda menang",
    "name": "William",
    "number": "123456789",
    "original_phone_number": [
      "123456789",
      "2456789",
      "3456789"
    ],
    "phone_numbers": [
      "123456789",
      "2456789",
      "3456789"
    ],
    "tes": "tes",
    "user": {
      "favorite_anime": [
        "naruto",
        "one piece",
        "dragon ball"
      ],
      "favorite_cars": [
        "Mazda",
        "Aston  Martin",
        "Ferrari"
      ]
    }
  },
  "user": {
    "favorite_cars": "Mazda"
  }
}