{
 "error_message": "Request Logic error or there is something error",
 "message": "All logic failed in request $configure_test-2_3"
}